Uncaught Exception in Main: Error: listen EADDRINUSE: address already in use :::3000
    at Server.setupListenHandle [as _listen2] (node:net:1817:16)
    at listenInCluster (node:net:1865:12)
    at Server.listen (node:net:1953:7)
    at Object.<anonymous> (C:\Users\thaih\OneDrive\เอกสาร\GitHub\whiteboard\Server\server.js:118:8)
    at Module._compile (node:internal/modules/cjs/loader:1271:14)
    at Module._extensions..js (node:internal/modules/cjs/loader:1326:10)
    at Module.load (node:internal/modules/cjs/loader:1126:32)
    at Module._load (node:internal/modules/cjs/loader:967:12)
    at c._load (node:electron/js2c/node_init:2:13672)
    at Module.require (node:internal/modules/cjs/loader:1150:19)
Uncaught Exception in Server: Error: listen EADDRINUSE: address already in use :::3000
    at Server.setupListenHandle [as _listen2] (node:net:1817:16)
    at listenInCluster (node:net:1865:12)
    at Server.listen (node:net:1953:7)
    at Object.<anonymous> (C:\Users\thaih\OneDrive\เอกสาร\GitHub\whiteboard\Server\server.js:118:8)
    at Module._compile (node:internal/modules/cjs/loader:1271:14)
    at Module._extensions..js (node:internal/modules/cjs/loader:1326:10)
    at Module.load (node:internal/modules/cjs/loader:1126:32)
    at Module._load (node:internal/modules/cjs/loader:967:12)
    at c._load (node:electron/js2c/node_init:2:13672)
    at Module.require (node:internal/modules/cjs/loader:1150:19)
Uncaught Exception in Main: Error: listen EADDRINUSE: address already in use :::3000
    at Server.setupListenHandle [as _listen2] (node:net:1817:16)
    at listenInCluster (node:net:1865:12)
    at Server.listen (node:net:1953:7)
    at Object.<anonymous> (C:\Users\thaih\OneDrive\เอกสาร\GitHub\whiteboard\Server\server.js:118:8)
    at Module._compile (node:internal/modules/cjs/loader:1271:14)
    at Module._extensions..js (node:internal/modules/cjs/loader:1326:10)
    at Module.load (node:internal/modules/cjs/loader:1126:32)
    at Module._load (node:internal/modules/cjs/loader:967:12)
    at c._load (node:electron/js2c/node_init:2:13672)
    at Module.require (node:internal/modules/cjs/loader:1150:19)
Uncaught Exception in Server: Error: listen EADDRINUSE: address already in use :::3000
    at Server.setupListenHandle [as _listen2] (node:net:1817:16)
    at listenInCluster (node:net:1865:12)
    at Server.listen (node:net:1953:7)
    at Object.<anonymous> (C:\Users\thaih\OneDrive\เอกสาร\GitHub\whiteboard\Server\server.js:118:8)
    at Module._compile (node:internal/modules/cjs/loader:1271:14)
    at Module._extensions..js (node:internal/modules/cjs/loader:1326:10)
    at Module.load (node:internal/modules/cjs/loader:1126:32)
    at Module._load (node:internal/modules/cjs/loader:967:12)
    at c._load (node:electron/js2c/node_init:2:13672)
    at Module.require (node:internal/modules/cjs/loader:1150:19)
